---
source: apps/api/tests/api.rs
expression: body
---
{
  "code": "validation_failed",
  "errors": {
    "display_name": [
      "must be 1 to 100 characters"
    ],
    "email": [
      "must be a valid email address"
    ],
    "password": [
      "must be 8 to 128 characters"
    ]
  },
  "status": 422,
  "title": "Unprocessable Entity",
  "type": "about:blank"
}
